


ARM Macro Assembler    Page 1 


    1 00000000                 AREA             LED, CODE, READONLY
    2 00000000                 ENTRY
    3 00000000         
    4 00000000 E3A00101        LDR              r0, =0x40000000
    5 00000004         
    6 00000004 E0477007        SUB              r7, r7, r7  ; clear out r7
    7 00000008 E3A06002        MOV              r6, #2      ; start with LED = 
                                                            0b10
    8 0000000C         mainloop
    9 0000000C         ; turn on the LED
   10 0000000C         ; if bits [9:2] affect the writes, then the address
   11 0000000C         ; is offset by 0x38
   12 0000000C E5806038        STR              r6, [r0, #0x38] ; base + 0x38 s
                                                            o [9:2] = 0b111000
   13 00000010 E3A0773D        LDR              r7, =0xF40000 ; set counter to 
                                                            0xF40000
   14 00000014         
   15 00000014         spin
   16 00000014 E2577001        SUBS             r7, r7, #1
   17 00000018 1AFFFFFD        BNE              spin
   18 0000001C         
   19 0000001C         ; change colors
   20 0000001C E3560008        CMP              r6, #8
   21 00000020                 ITE              LT
   22 00000020 B1A06086        LSLLT            r6, r6, #1  ; LED = LED * 2
   23 00000024 A3A06002        MOVGE            r6, #2      ; reset to 2 otherw
                                                            ise
   24 00000028 EAFFFFF7        B                mainloop
   25 0000002C         
   26 0000002C EAFFFFFE 
                       stop    B                stop
   27 00000030                 END
Command Line: --debug --xref --diag_suppress=9931 --apcs=interwork --depend=.\o
bjects\prog1.1.d -o.\objects\prog1.1.o -IC:\Keil_v5\ARM\RV31\INC -IC:\Keil_v5\A
RM\CMSIS\Include -IC:\Keil_v5\ARM\INC\Philips --predefine="__EVAL SETA 1" --pre
define="__UVISION_VERSION SETA 528" --list=.\listings\prog1.1.lst prog1.1.s



ARM Macro Assembler    Page 1 Alphabetic symbol ordering
Relocatable symbols

LED 00000000

Symbol: LED
   Definitions
      At line 1 in file prog1.1.s
   Uses
      None
Comment: LED unused
mainloop 0000000C

Symbol: mainloop
   Definitions
      At line 8 in file prog1.1.s
   Uses
      At line 24 in file prog1.1.s
Comment: mainloop used once
spin 00000014

Symbol: spin
   Definitions
      At line 15 in file prog1.1.s
   Uses
      At line 17 in file prog1.1.s
Comment: spin used once
stop 0000002C

Symbol: stop
   Definitions
      At line 26 in file prog1.1.s
   Uses
      At line 26 in file prog1.1.s
Comment: stop used once
4 symbols
336 symbols in table
