<!doctype html public "-//w3c//dtd html 4.0 transitional//en">
<html><head>
<title>Static Call Graph - [.\Objects\prog2.axf]</title></head>
<body><HR>
<H1>Static Call Graph for image .\Objects\prog2.axf</H1><HR>
<BR><P>#&#060CALLGRAPH&#062# ARM Linker, 5060750: Last Updated: Tue May 28 09:33:35 2024
<BR><P>
<H3>Maximum Stack Usage =          0 bytes + Unknown(Functions without stacksize, Cycles, Untraceable Function Pointers)</H3><H3>
Call chain for Maximum Stack Depth:</H3>

<P>
<H3>
Functions with no stack information
</H3><UL>
 <LI><a href="#[4]">Reset_Handler</a>
 <LI><a href="#[1]">NmiISR</a>
 <LI><a href="#[2]">FaultISR</a>
 <LI><a href="#[3]">IntDefaultHandler</a>
</UL>
</UL>
<P>
<H3>
Mutually Recursive functions
</H3> <LI><a href="#[1]">NmiISR</a>&nbsp;&nbsp;&nbsp;&rArr;&nbsp;&nbsp;&nbsp;<a href="#[1]">NmiISR</a><BR>
 <LI><a href="#[2]">FaultISR</a>&nbsp;&nbsp;&nbsp;&rArr;&nbsp;&nbsp;&nbsp;<a href="#[2]">FaultISR</a><BR>
</UL>
<P>
<H3>
Function Pointers
</H3><UL>
 <LI><a href="#[2]">FaultISR</a> from prog2.o(RESET) referenced from prog2.o(RESET)
 <LI><a href="#[3]">IntDefaultHandler</a> from prog2.o(RESET) referenced 3 times from prog2.o(RESET)
 <LI><a href="#[1]">NmiISR</a> from prog2.o(RESET) referenced from prog2.o(RESET)
 <LI><a href="#[4]">Reset_Handler</a> from prog2.o(RESET) referenced from prog2.o(RESET)
</UL>
<P>
<H3>
Global Symbols
</H3>
<P><STRONG><a name="[4]"></a>Reset_Handler</STRONG> (Thumb, 0 bytes, Stack size unknown bytes, prog2.o(RESET))
<P>
<H3>
Local Symbols
</H3>
<P><STRONG><a name="[1]"></a>NmiISR</STRONG> (Thumb, 2 bytes, Stack size unknown bytes, prog2.o(RESET))
<BR><BR>[Calls]<UL><LI><a href="#[1]">&gt;&gt;</a>&nbsp;&nbsp;&nbsp;NmiISR
</UL>
<BR>[Called By]<UL><LI><a href="#[1]">&gt;&gt;</a>&nbsp;&nbsp;&nbsp;NmiISR
</UL>
<BR>[Address Reference Count : 1]<UL><LI> prog2.o(RESET)
</UL>
<P><STRONG><a name="[2]"></a>FaultISR</STRONG> (Thumb, 2 bytes, Stack size unknown bytes, prog2.o(RESET))
<BR><BR>[Calls]<UL><LI><a href="#[2]">&gt;&gt;</a>&nbsp;&nbsp;&nbsp;FaultISR
</UL>
<BR>[Called By]<UL><LI><a href="#[2]">&gt;&gt;</a>&nbsp;&nbsp;&nbsp;FaultISR
</UL>
<BR>[Address Reference Count : 1]<UL><LI> prog2.o(RESET)
</UL>
<P><STRONG><a name="[3]"></a>IntDefaultHandler</STRONG> (Thumb, 0 bytes, Stack size unknown bytes, prog2.o(RESET))
<BR>[Address Reference Count : 1]<UL><LI> prog2.o(RESET)
</UL><P>
<H3>
Undefined Global Symbols
</H3><HR></body></html>
