Component: ARM Compiler 5.06 update 6 (build 750) Tool: armlink [4d35ed]

==============================================================================

Section Cross References

    prog1.o(Timer) refers to prog1.o(STACK) for StackMem


==============================================================================

Image Symbol Table

    Local Symbols

    Symbol Name                              Value     Ov Type        Size  Object(Section)

    Timer                                    0x00000000   Section      232  prog1.o(Timer)
    prog1.s                                  0x00000000   Number         0  prog1.o ABSOLUTE
    $v0                                      0x0000001c   Number         0  prog1.o(Timer)
    NmiISR                                   0x00000053   Thumb Code     2  prog1.o(Timer)
    FaultISR                                 0x00000055   Thumb Code     2  prog1.o(Timer)
    IntDefaultHandler                        0x00000057   Thumb Code     0  prog1.o(Timer)
    STACK                                    0x20000000   Section      256  prog1.o(STACK)
    StackMem                                 0x20000000   Data           0  prog1.o(STACK)

    Global Symbols

    Symbol Name                              Value     Ov Type        Size  Object(Section)

    BuildAttributes$$THM_ISAv4$E$P$D$K$B$S$7EM$VFPi3$EXTD16$VFPS$VFMA$PE$A:L22UL41UL21$X:L11$S22US41US21$IEEE1$IW$USESV6$~STKCKD$USESV7$~SHL$OSPACE$EBA8$STANDARDLIB$PRES8$EABIv2 0x00000000   Number         0  anon$$obj.o ABSOLUTE
    Reset_Handler                            0x0000001d   Thumb Code     0  prog1.o(Timer)



==============================================================================

Memory Map of the image

  Image Entry point : 0x0000001d

  Load Region LR_1 (Base: 0x00000000, Size: 0x000000e8, Max: 0xffffffff, ABSOLUTE)

    Execution Region ER_RO (Exec base: 0x00000000, Load base: 0x00000000, Size: 0x000000e8, Max: 0xffffffff, ABSOLUTE)

    Exec Addr    Load Addr    Size         Type   Attr      Idx    E Section Name        Object

    0x00000000   0x00000000   0x000000e8   Code   RO            2  * Timer               prog1.o


    Execution Region ER_RW (Exec base: 0x20000000, Load base: 0x000000e8, Size: 0x00000000, Max: 0xffffffff, ABSOLUTE)

    **** No section assigned to this execution region ****


    Execution Region ER_ZI (Exec base: 0x20000000, Load base: 0x000000e8, Size: 0x00000100, Max: 0xffffffff, ABSOLUTE)

    Exec Addr    Load Addr    Size         Type   Attr      Idx    E Section Name        Object

    0x20000000        -       0x00000100   Zero   RW            1    STACK               prog1.o


==============================================================================

Image component sizes


      Code (inc. data)   RO Data    RW Data    ZI Data      Debug   Object Name

       232         36          0          0        256        332   prog1.o

    ----------------------------------------------------------------------
       232         36          0          0        256        332   Object Totals
         0          0          0          0          0          0   (incl. Generated)
         0          0          0          0          0          0   (incl. Padding)

    ----------------------------------------------------------------------
         0          0          0          0          0          0   Library Totals
         0          0          0          0          0          0   (incl. Padding)

    ----------------------------------------------------------------------

==============================================================================


      Code (inc. data)   RO Data    RW Data    ZI Data      Debug   

       232         36          0          0        256        332   Grand Totals
       232         36          0          0        256        332   ELF Image Totals
       232         36          0          0          0          0   ROM Totals

==============================================================================

    Total RO  Size (Code + RO Data)                  232 (   0.23kB)
    Total RW  Size (RW Data + ZI Data)               256 (   0.25kB)
    Total ROM Size (Code + RO Data + RW Data)        232 (   0.23kB)

==============================================================================

